<html>
<body>
<pre>
<h1>µVision Build Log</h1>
<h2>Tool Versions:</h2>
IDE-Version: ÂµVision V5.31.0.0
Copyright (C) 2020 ARM Ltd and ARM Germany GmbH. All rights reserved.
License Information: CH Thomas, CQUPT, LIC=V85FJ-U9MXQ-17ARR-K0GLM-A3NT2-R3ML9
 
Tool Versions:
Toolchain:       MDK-ARM Professional  Version: 5.31.0.0
Toolchain Path:  C:\Keil_v5\ARM\ARMCC\Bin
C Compiler:      Armcc.exe V5.06 update 6 (build 750)
Assembler:       Armasm.exe V5.06 update 6 (build 750)
Linker/Locator:  ArmLink.exe V5.06 update 6 (build 750)
Library Manager: ArmAr.exe V5.06 update 6 (build 750)
Hex Converter:   FromElf.exe V5.06 update 6 (build 750)
CPU DLL:         SARMCM3.DLL V5.31.0.0
Dialog DLL:      DCM.DLL V1.17.3.0
Target DLL:      Segger\JL2CM3.dll V2.99.38.0
Dialog DLL:      TCM.DLL V1.46.0.0
 
<h2>Project:</h2>
E:\Code\ST\STM32F1\UWB\SDK\Project\ds_twr_init\MDK-ARM\Project.uvprojx
Project File Date:  10/14/2020

<h2>Output:</h2>
*** Using Compiler 'V5.06 update 6 (build 750)', folder: 'C:\Keil_v5\ARM\ARMCC\Bin'
Build target 'ds_twr_init'
compiling deca_params_init.c...
compiling deca_range_tables.c...
compiling deca_mutex.c...
compiling deca_spi.c...
compiling main.c...
..\main.c(92): warning:  #177-D: variable "buff"  was declared but never referenced
      uint8 buff[5];
..\main.c(94): warning:  #550-D: variable "cnt"  was set but never used
      int cnt ;
..\main.c(228): warning:  #177-D: variable "final_distance"  was declared but never referenced
      float final_distance = 0;
..\main.c(475): warning:  #223-D: function "FLASH_ReadMoreData" declared implicitly
      FLASH_ReadMoreData(USER_FLASH_BASE, buff, 3);
..\main.c(493): warning:  #186-D: pointless comparison of unsigned integer with zero
          if(buff[1] >= 0 && buff[1] <= 255)
..\main.c(518): warning:  #186-D: pointless comparison of unsigned integer with zero
          if(buff[1] >= 0 && buff[1] <= 255)
..\main.c(410): warning:  #177-D: variable "anthor_index"  was declared but never referenced
      uint8 anthor_index = 0;
..\main.c(411): warning:  #177-D: variable "tag_index"  was declared but never referenced
      uint8 tag_index = 0;
..\main.c(413): warning:  #550-D: variable "Semaphore_Enable"  was set but never used
      uint8 Semaphore_Enable = 0 ;
..\main.c(414): warning:  #550-D: variable "Waiting_TAG_Release_Semaphore"  was set but never used
      uint8 Waiting_TAG_Release_Semaphore = 0;
..\main.c(415): warning:  #177-D: variable "frame_len"  was declared but never referenced
      int8 frame_len = 0;
..\main.c(470): warning:  #177-D: variable "rx_ant_delay"  was declared but never referenced
      int rx_ant_delay = 32880;
..\main.c(471): warning:  #177-D: variable "index"  was declared but never referenced
      int index = 0 ;
..\main.c(645): warning:  #167-D: argument of type "char *" is incompatible with parameter of type "uint8_t *"
          OLED_ShowString(0, 2, dist_str);
..\main.c(654): warning:  #167-D: argument of type "char *" is incompatible with parameter of type "uint8_t *"
          OLED_ShowString(0, 4, dist_str);
..\main.c(678): warning:  #167-D: argument of type "char *" is incompatible with parameter of type "uint8_t *"
          OLED_ShowString(0, 6, dist_str);
..\main.c: 16 warnings, 0 errors
compiling deca_device.c...
..\decadriver\deca_device.c(1106): warning:  #68-D: integer conversion resulted in a change of sign
      uint32  regval = DWT_ERROR ;
..\decadriver\deca_device.c(1138): warning:  #68-D: integer conversion resulted in a change of sign
      uint16  regval = DWT_ERROR ;
..\decadriver\deca_device.c(1452): warning:  #68-D: integer conversion resulted in a change of sign
          return DWT_ERROR;
..\decadriver\deca_device.c(1586): warning:  #68-D: integer conversion resulted in a change of sign
          return DWT_ERROR;
..\decadriver\deca_device.c: 4 warnings, 0 errors
linking...
Program Size: Code=23708 RO-data=3212 RW-data=1060 ZI-data=3756  
FromELF: creating hex file...
".\STM3210E-EVAL\STM3210E-EVAL.axf" - 0 Error(s), 20 Warning(s).

<h2>Software Packages used:</h2>

Package Vendor: ARM
                http://www.keil.com/pack/ARM.CMSIS.5.3.0.pack
                ARM.CMSIS.5.3.0
                CMSIS (Cortex Microcontroller Software Interface Standard)
   * Component: CORE Version: 5.1.1

Package Vendor: Keil
                http://www.keil.com/pack/Keil.STM32F1xx_DFP.2.2.0.pack
                Keil.STM32F1xx_DFP.2.2.0
                STMicroelectronics STM32F1 Series Device Support, Drivers and Examples

<h2>Collection of Component include folders:</h2>
  .\RTE\_ds_twr_init
  C:\Keil_v5\ARM\PACK\ARM\CMSIS\5.3.0\CMSIS\Include
  C:\Keil_v5\ARM\PACK\Keil\STM32F1xx_DFP\2.2.0\Device\Include

<h2>Collection of Component Files used:</h2>

   * Component: ARM::CMSIS:CORE:5.1.1
Build Time Elapsed:  00:00:03
</pre>
</body>
</html>
